// Jest Snapshot v1, https://goo.gl/fbAQLP

exports[`tests for DeleteEventFab should match snapshot 1`] = `
<button
  className="btn btn-danger fab-danger"
  onClick={[Function]}
>
  <i
    className=" fas fa-trash"
  />
</button>
`;
